{"downloaded_count": 25, "seen_count": 25, "queued_count": 162, "external_link_count": 613, "error_count": 0, "output_root": "C:\\TSIS_Data\\00_CTO\\99_REFERENCE_LIBRARY\\00_BIBLIOTECA\\Lopez_del_Prado\\web", "max_file_mb": 100, "complete": false}
{"downloaded_count": 50, "seen_count": 50, "queued_count": 109, "external_link_count": 613, "error_count": 0, "output_root": "C:\\TSIS_Data\\00_CTO\\99_REFERENCE_LIBRARY\\00_BIBLIOTECA\\Lopez_del_Prado\\web", "max_file_mb": 100, "complete": false}
{"downloaded_count": 75, "seen_count": 75, "queued_count": 70, "external_link_count": 627, "error_count": 0, "output_root": "C:\\TSIS_Data\\00_CTO\\99_REFERENCE_LIBRARY\\00_BIBLIOTECA\\Lopez_del_Prado\\web", "max_file_mb": 100, "complete": false}
{"downloaded_count": 97, "seen_count": 100, "queued_count": 45, "external_link_count": 627, "error_count": 3, "output_root": "C:\\TSIS_Data\\00_CTO\\99_REFERENCE_LIBRARY\\00_BIBLIOTECA\\Lopez_del_Prado\\web", "max_file_mb": 100, "complete": false}
{"downloaded_count": 122, "seen_count": 125, "queued_count": 20, "external_link_count": 627, "error_count": 3, "output_root": "C:\\TSIS_Data\\00_CTO\\99_REFERENCE_LIBRARY\\00_BIBLIOTECA\\Lopez_del_Prado\\web", "max_file_mb": 100, "complete": false}
{"downloaded_count": 147, "seen_count": 150, "queued_count": 112, "external_link_count": 934, "error_count": 3, "output_root": "C:\\TSIS_Data\\00_CTO\\99_REFERENCE_LIBRARY\\00_BIBLIOTECA\\Lopez_del_Prado\\web", "max_file_mb": 100, "complete": false}
{"downloaded_count": 172, "seen_count": 175, "queued_count": 87, "external_link_count": 934, "error_count": 3, "output_root": "C:\\TSIS_Data\\00_CTO\\99_REFERENCE_LIBRARY\\00_BIBLIOTECA\\Lopez_del_Prado\\web", "max_file_mb": 100, "complete": false}
{"downloaded_count": 197, "seen_count": 200, "queued_count": 61, "external_link_count": 934, "error_count": 3, "output_root": "C:\\TSIS_Data\\00_CTO\\99_REFERENCE_LIBRARY\\00_BIBLIOTECA\\Lopez_del_Prado\\web", "max_file_mb": 100, "complete": false}
{"downloaded_count": 222, "seen_count": 225, "queued_count": 35, "external_link_count": 934, "error_count": 3, "output_root": "C:\\TSIS_Data\\00_CTO\\99_REFERENCE_LIBRARY\\00_BIBLIOTECA\\Lopez_del_Prado\\web", "max_file_mb": 100, "complete": false}
{"downloaded_count": 247, "seen_count": 250, "queued_count": 10, "external_link_count": 934, "error_count": 3, "output_root": "C:\\TSIS_Data\\00_CTO\\99_REFERENCE_LIBRARY\\00_BIBLIOTECA\\Lopez_del_Prado\\web", "max_file_mb": 100, "complete": false}
{"downloaded_count": 272, "seen_count": 275, "queued_count": 290, "external_link_count": 934, "error_count": 3, "output_root": "C:\\TSIS_Data\\00_CTO\\99_REFERENCE_LIBRARY\\00_BIBLIOTECA\\Lopez_del_Prado\\web", "max_file_mb": 100, "complete": false}
{"downloaded_count": 297, "seen_count": 300, "queued_count": 263, "external_link_count": 934, "error_count": 3, "output_root": "C:\\TSIS_Data\\00_CTO\\99_REFERENCE_LIBRARY\\00_BIBLIOTECA\\Lopez_del_Prado\\web", "max_file_mb": 100, "complete": false}
{"downloaded_count": 322, "seen_count": 325, "queued_count": 237, "external_link_count": 934, "error_count": 3, "output_root": "C:\\TSIS_Data\\00_CTO\\99_REFERENCE_LIBRARY\\00_BIBLIOTECA\\Lopez_del_Prado\\web", "max_file_mb": 100, "complete": false}
{"downloaded_count": 347, "seen_count": 350, "queued_count": 198, "external_link_count": 934, "error_count": 3, "output_root": "C:\\TSIS_Data\\00_CTO\\99_REFERENCE_LIBRARY\\00_BIBLIOTECA\\Lopez_del_Prado\\web", "max_file_mb": 100, "complete": false}
{"downloaded_count": 372, "seen_count": 375, "queued_count": 142, "external_link_count": 934, "error_count": 3, "output_root": "C:\\TSIS_Data\\00_CTO\\99_REFERENCE_LIBRARY\\00_BIBLIOTECA\\Lopez_del_Prado\\web", "max_file_mb": 100, "complete": false}
{"downloaded_count": 396, "seen_count": 400, "queued_count": 115, "external_link_count": 934, "error_count": 4, "output_root": "C:\\TSIS_Data\\00_CTO\\99_REFERENCE_LIBRARY\\00_BIBLIOTECA\\Lopez_del_Prado\\web", "max_file_mb": 100, "complete": false}
{"downloaded_count": 419, "seen_count": 425, "queued_count": 89, "external_link_count": 934, "error_count": 6, "output_root": "C:\\TSIS_Data\\00_CTO\\99_REFERENCE_LIBRARY\\00_BIBLIOTECA\\Lopez_del_Prado\\web", "max_file_mb": 100, "complete": false}
{"downloaded_count": 444, "seen_count": 450, "queued_count": 62, "external_link_count": 934, "error_count": 6, "output_root": "C:\\TSIS_Data\\00_CTO\\99_REFERENCE_LIBRARY\\00_BIBLIOTECA\\Lopez_del_Prado\\web", "max_file_mb": 100, "complete": false}
{"downloaded_count": 469, "seen_count": 475, "queued_count": 36, "external_link_count": 934, "error_count": 6, "output_root": "C:\\TSIS_Data\\00_CTO\\99_REFERENCE_LIBRARY\\00_BIBLIOTECA\\Lopez_del_Prado\\web", "max_file_mb": 100, "complete": false}
{"downloaded_count": 494, "seen_count": 500, "queued_count": 10, "external_link_count": 934, "error_count": 6, "output_root": "C:\\TSIS_Data\\00_CTO\\99_REFERENCE_LIBRARY\\00_BIBLIOTECA\\Lopez_del_Prado\\web", "max_file_mb": 100, "complete": false}
{
  "downloaded_count": 504,
  "seen_count": 510,
  "queued_count": 0,
  "external_link_count": 934,
  "error_count": 6,
  "output_root": "C:\\TSIS_Data\\00_CTO\\99_REFERENCE_LIBRARY\\00_BIBLIOTECA\\Lopez_del_Prado\\web",
  "max_file_mb": 100,
  "complete": true
}
