2026-07-16T10:58:04.126419+00:00 MOVED practice=12-practice-02 from=C:\TSIS_Data\00_CTO\99_REFERENCE_LIBRARY\SersanSistemas\03_only_md_revised\02_workshops\12-practice-02 to=C:\TSIS_Data\00_CTO\99_REFERENCE_LIBRARY\SersanSistemas\03_only_md_revised\12-practice-02
2026-07-16T10:58:04.128219+00:00 MOVED practice=13-practice-03 from=C:\TSIS_Data\00_CTO\99_REFERENCE_LIBRARY\SersanSistemas\03_only_md_revised\02_workshops\13-practice-03 to=C:\TSIS_Data\00_CTO\99_REFERENCE_LIBRARY\SersanSistemas\03_only_md_revised\13-practice-03
2026-07-16T10:58:04.129787+00:00 MOVED practice=14-practice-04 from=C:\TSIS_Data\00_CTO\99_REFERENCE_LIBRARY\SersanSistemas\03_only_md_revised\02_workshops\14-practice-04 to=C:\TSIS_Data\00_CTO\99_REFERENCE_LIBRARY\SersanSistemas\03_only_md_revised\14-practice-04
2026-07-16T10:58:04.131381+00:00 MOVED practice=15-practice-05 from=C:\TSIS_Data\00_CTO\99_REFERENCE_LIBRARY\SersanSistemas\03_only_md_revised\02_workshops\15-practice-05 to=C:\TSIS_Data\00_CTO\99_REFERENCE_LIBRARY\SersanSistemas\03_only_md_revised\15-practice-05
2026-07-16T10:58:04.132851+00:00 MOVED practice=16-practice-06 from=C:\TSIS_Data\00_CTO\99_REFERENCE_LIBRARY\SersanSistemas\03_only_md_revised\02_workshops\16-practice-06 to=C:\TSIS_Data\00_CTO\99_REFERENCE_LIBRARY\SersanSistemas\03_only_md_revised\16-practice-06
2026-07-16T10:58:04.134186+00:00 MOVED practice=17-practice-07 from=C:\TSIS_Data\00_CTO\99_REFERENCE_LIBRARY\SersanSistemas\03_only_md_revised\02_workshops\17-practice-07 to=C:\TSIS_Data\00_CTO\99_REFERENCE_LIBRARY\SersanSistemas\03_only_md_revised\17-practice-07
2026-07-16T10:58:04.135618+00:00 MOVED practice=18-practice-08 from=C:\TSIS_Data\00_CTO\99_REFERENCE_LIBRARY\SersanSistemas\03_only_md_revised\02_workshops\18-practice-08 to=C:\TSIS_Data\00_CTO\99_REFERENCE_LIBRARY\SersanSistemas\03_only_md_revised\18-practice-08
2026-07-16T10:58:04.137070+00:00 MOVED practice=19-practice-09 from=C:\TSIS_Data\00_CTO\99_REFERENCE_LIBRARY\SersanSistemas\03_only_md_revised\02_workshops\19-practice-09 to=C:\TSIS_Data\00_CTO\99_REFERENCE_LIBRARY\SersanSistemas\03_only_md_revised\19-practice-09
2026-07-16T10:58:04.138560+00:00 MOVED practice=20-practice-10 from=C:\TSIS_Data\00_CTO\99_REFERENCE_LIBRARY\SersanSistemas\03_only_md_revised\02_workshops\20-practice-10 to=C:\TSIS_Data\00_CTO\99_REFERENCE_LIBRARY\SersanSistemas\03_only_md_revised\20-practice-10
2026-07-16T10:58:04.140043+00:00 MOVED practice=21-practice-11 from=C:\TSIS_Data\00_CTO\99_REFERENCE_LIBRARY\SersanSistemas\03_only_md_revised\02_workshops\21-practice-11 to=C:\TSIS_Data\00_CTO\99_REFERENCE_LIBRARY\SersanSistemas\03_only_md_revised\21-practice-11
2026-07-16T10:58:04.141671+00:00 MOVED practice=22-practice-12 from=C:\TSIS_Data\00_CTO\99_REFERENCE_LIBRARY\SersanSistemas\03_only_md_revised\02_workshops\22-practice-12 to=C:\TSIS_Data\00_CTO\99_REFERENCE_LIBRARY\SersanSistemas\03_only_md_revised\22-practice-12
2026-07-16T10:58:04.143274+00:00 MOVED practice=23-practice-13 from=C:\TSIS_Data\00_CTO\99_REFERENCE_LIBRARY\SersanSistemas\03_only_md_revised\02_workshops\23-practice-13 to=C:\TSIS_Data\00_CTO\99_REFERENCE_LIBRARY\SersanSistemas\03_only_md_revised\23-practice-13
2026-07-16T10:58:04.144694+00:00 MOVED practice=24-practice-14 from=C:\TSIS_Data\00_CTO\99_REFERENCE_LIBRARY\SersanSistemas\03_only_md_revised\02_workshops\24-practice-14 to=C:\TSIS_Data\00_CTO\99_REFERENCE_LIBRARY\SersanSistemas\03_only_md_revised\24-practice-14
2026-07-16T10:58:04.146605+00:00 MOVED practice=25-practice-15 from=C:\TSIS_Data\00_CTO\99_REFERENCE_LIBRARY\SersanSistemas\03_only_md_revised\02_workshops\25-practice-15 to=C:\TSIS_Data\00_CTO\99_REFERENCE_LIBRARY\SersanSistemas\03_only_md_revised\25-practice-15
2026-07-16T10:58:04.148211+00:00 MOVED practice=26-practice-16 from=C:\TSIS_Data\00_CTO\99_REFERENCE_LIBRARY\SersanSistemas\03_only_md_revised\02_workshops\26-practice-16 to=C:\TSIS_Data\00_CTO\99_REFERENCE_LIBRARY\SersanSistemas\03_only_md_revised\26-practice-16
2026-07-16T10:58:04.149668+00:00 MOVED practice=27-practice-17 from=C:\TSIS_Data\00_CTO\99_REFERENCE_LIBRARY\SersanSistemas\03_only_md_revised\02_workshops\27-practice-17 to=C:\TSIS_Data\00_CTO\99_REFERENCE_LIBRARY\SersanSistemas\03_only_md_revised\27-practice-17
2026-07-16T10:58:04.150907+00:00 REMOVED_EMPTY_CONTAINER C:\TSIS_Data\00_CTO\99_REFERENCE_LIBRARY\SersanSistemas\03_only_md_revised\02_workshops
2026-07-16T10:58:04.153499+00:00 LINK_FIX markdown=practica_04_donchain.md old=img/226_giff.gif new=img/226.png count=1
2026-07-16T10:58:04.156367+00:00 LINK_FIX markdown=practica_15_revised.md old=img/008%20-%20copia.png new=img/008 - copia.png count=1
2026-07-16T10:58:04.713259+00:00 FINAL_MANIFEST C:\TSIS_Data\00_CTO\99_REFERENCE_LIBRARY\SersanSistemas\03_only_md_revised\_operation_logs\sersan_md_flatten_practice_dirs_20260716T105804Z\final_manifest.json
2026-07-16T10:58:04.713523+00:00 STATUS completed_with_validation_warnings moved=16 checked_links=2107 broken=0 old_refs=3
